Archive member included because of file (symbol)

/Users/thomasfiveash/Library/Application Support/Pebble SDK/SDKs/current/sdk-core/pebble/aplite/lib/libpebble.a(tmp54NhKcpebble.o)
                              src/c/main.c.29.o (app_event_loop)
/usr/local/Cellar/pebble-toolchain/2.0/arm-cs-tools/bin/../lib/gcc/arm-none-eabi/4.7.2/thumb2/libgcc.a(_arm_addsubdf3.o)
                              src/c/ftoa.c.29.o (__aeabi_dsub)
/usr/local/Cellar/pebble-toolchain/2.0/arm-cs-tools/bin/../lib/gcc/arm-none-eabi/4.7.2/thumb2/libgcc.a(_arm_muldivdf3.o)
                              src/c/ftoa.c.29.o (__aeabi_dmul)
/usr/local/Cellar/pebble-toolchain/2.0/arm-cs-tools/bin/../lib/gcc/arm-none-eabi/4.7.2/thumb2/libgcc.a(_arm_cmpdf2.o)
                              src/c/sets.c.29.o (__aeabi_dcmpeq)
/usr/local/Cellar/pebble-toolchain/2.0/arm-cs-tools/bin/../lib/gcc/arm-none-eabi/4.7.2/thumb2/libgcc.a(_arm_fixdfsi.o)
                              src/c/ftoa.c.29.o (__aeabi_d2iz)

Allocating common symbols
Common symbol       size              file

hours_buff          0xa               src/c/timer.c.29.o
weight_layer        0x4               src/c/main.c.29.o
unit_type           0x4               src/c/main.c.29.o
unit_system         0x4               src/c/main.c.29.o
main_window         0x4               src/c/main.c.29.o
seconds_buff        0xa               src/c/timer.c.29.o
set_percentages     0x78              src/c/sets.c.29.o
weights             0x44              src/c/sets.c.29.o
text_layer          0x4               src/c/main.c.29.o
timer_buff          0xa               src/c/timer.c.29.o
num_sets_window     0x4               src/c/main.c.29.o
weight_buff         0xa               src/c/main.c.29.o
plates              0x190             src/c/sets.c.29.o
time_layer          0x4               src/c/main.c.29.o
s_timer_window      0x4               src/c/sets.c.29.o
sets_layer          0x4               src/c/num_sets.c.29.o
sets_buff           0xf               src/c/sets.c.29.o
ret                 0x4               src/c/sets.c.29.o
minutes_buff        0xa               src/c/timer.c.29.o
sets_window         0x4               src/c/num_sets.c.29.o
sets                0x4               src/c/main.c.29.o
weight              0x8               src/c/main.c.29.o

Discarded input sections

 .text          0x0000000000000000        0x0 /usr/local/Cellar/pebble-toolchain/2.0/arm-cs-tools/bin/../lib/gcc/arm-none-eabi/4.7.2/thumb2/crti.o
 .bss           0x0000000000000000        0x0 /usr/local/Cellar/pebble-toolchain/2.0/arm-cs-tools/bin/../lib/gcc/arm-none-eabi/4.7.2/thumb2/crti.o
 .init          0x0000000000000000        0x4 /usr/local/Cellar/pebble-toolchain/2.0/arm-cs-tools/bin/../lib/gcc/arm-none-eabi/4.7.2/thumb2/crti.o
 .fini          0x0000000000000000        0x4 /usr/local/Cellar/pebble-toolchain/2.0/arm-cs-tools/bin/../lib/gcc/arm-none-eabi/4.7.2/thumb2/crti.o
 .text          0x0000000000000000       0xc8 /usr/local/Cellar/pebble-toolchain/2.0/arm-cs-tools/bin/../lib/gcc/arm-none-eabi/4.7.2/thumb2/crtbegin.o
 .bss           0x0000000000000000       0x1c /usr/local/Cellar/pebble-toolchain/2.0/arm-cs-tools/bin/../lib/gcc/arm-none-eabi/4.7.2/thumb2/crtbegin.o
 .init_array    0x0000000000000000        0x4 /usr/local/Cellar/pebble-toolchain/2.0/arm-cs-tools/bin/../lib/gcc/arm-none-eabi/4.7.2/thumb2/crtbegin.o
 .fini_array    0x0000000000000000        0x4 /usr/local/Cellar/pebble-toolchain/2.0/arm-cs-tools/bin/../lib/gcc/arm-none-eabi/4.7.2/thumb2/crtbegin.o
 .eh_frame      0x0000000000000000        0x0 /usr/local/Cellar/pebble-toolchain/2.0/arm-cs-tools/bin/../lib/gcc/arm-none-eabi/4.7.2/thumb2/crtbegin.o
 .jcr           0x0000000000000000        0x0 /usr/local/Cellar/pebble-toolchain/2.0/arm-cs-tools/bin/../lib/gcc/arm-none-eabi/4.7.2/thumb2/crtbegin.o
 .tm_clone_table
                0x0000000000000000        0x0 /usr/local/Cellar/pebble-toolchain/2.0/arm-cs-tools/bin/../lib/gcc/arm-none-eabi/4.7.2/thumb2/crtbegin.o
 .text          0x0000000000000000        0x0 src/c/ftoa.c.29.o
 .bss           0x0000000000000000        0x0 src/c/ftoa.c.29.o
 .text          0x0000000000000000        0x0 src/c/main.c.29.o
 .bss           0x0000000000000000        0x0 src/c/main.c.29.o
 .text          0x0000000000000000        0x0 src/c/mini-printf.c.29.o
 .bss           0x0000000000000000        0x0 src/c/mini-printf.c.29.o
 .text          0x0000000000000000        0x0 src/c/num_sets.c.29.o
 .bss           0x0000000000000000        0x0 src/c/num_sets.c.29.o
 .text.sets_deinit
                0x0000000000000000       0x2c src/c/num_sets.c.29.o
 .text          0x0000000000000000        0x0 src/c/sets.c.29.o
 .bss           0x0000000000000000        0x0 src/c/sets.c.29.o
 .text          0x0000000000000000        0x0 src/c/timer.c.29.o
 .bss           0x0000000000000000        0x0 src/c/timer.c.29.o
 .text          0x0000000000000000        0x0 aplite/appinfo.auto.c.29.o
[...]
Memory Configuration

Name             Origin             Length             Attributes
APP              0x0000000000000000 0x0000000000006000 xrw
*default*        0x0000000000000000 0xffffffffffffffff

Linker script and memory map

LOAD /usr/local/Cellar/pebble-toolchain/2.0/arm-cs-tools/bin/../lib/gcc/arm-none-eabi/4.7.2/thumb2/crti.o
LOAD /usr/local/Cellar/pebble-toolchain/2.0/arm-cs-tools/bin/../lib/gcc/arm-none-eabi/4.7.2/thumb2/crtbegin.o
LOAD src/c/ftoa.c.29.o
LOAD src/c/main.c.29.o
LOAD src/c/mini-printf.c.29.o
LOAD src/c/num_sets.c.29.o
LOAD src/c/sets.c.29.o
LOAD src/c/timer.c.29.o
LOAD aplite/appinfo.auto.c.29.o
LOAD aplite/src/resource_ids.auto.c.29.o
LOAD src/message_keys.auto.c.29.o
LOAD /Users/thomasfiveash/Library/Application Support/Pebble SDK/SDKs/current/sdk-core/pebble/aplite/lib/libpebble.a
START GROUP
LOAD /usr/local/Cellar/pebble-toolchain/2.0/arm-cs-tools/bin/../lib/gcc/arm-none-eabi/4.7.2/thumb2/libgcc.a
LOAD /usr/local/Cellar/pebble-toolchain/2.0/arm-cs-tools/bin/../lib/gcc/arm-none-eabi/4.7.2/../../../../arm-none-eabi/lib/thumb2/libc.a
END GROUP
LOAD /usr/local/Cellar/pebble-toolchain/2.0/arm-cs-tools/bin/../lib/gcc/arm-none-eabi/4.7.2/thumb2/crtend.o
LOAD /usr/local/Cellar/pebble-toolchain/2.0/arm-cs-tools/bin/../lib/gcc/arm-none-eabi/4.7.2/thumb2/crtn.o

.header         0x0000000000000000       0x82
 *(.pbl_header)
 .pbl_header    0x0000000000000000       0x82 aplite/appinfo.auto.c.29.o
                0x0000000000000000                __pbl_app_info

.note.gnu.build-id
                0x0000000000000082       0x26
                0x0000000000000082                PROVIDE (BUILD_ID, .)
 *(.note.gnu.build-id)
 *fill*         0x0000000000000082        0x2 
 .note.gnu.build-id
                0x0000000000000084       0x24 linker stubs

.text           0x00000000000000a8     0x2d2c
 *(.text)
 .text          0x00000000000000a8       0x14 /Users/thomasfiveash/Library/Application Support/Pebble SDK/SDKs/current/sdk-core/pebble/aplite/lib/libpebble.a(tmp54NhKcpebble.o)
 .text          0x00000000000000bc      0x370 /usr/local/Cellar/pebble-toolchain/2.0/arm-cs-tools/bin/../lib/gcc/arm-none-eabi/4.7.2/thumb2/libgcc.a(_arm_addsubdf3.o)
                0x00000000000000bc                __aeabi_drsub
                0x00000000000000c4                __subdf3
                0x00000000000000c4                __aeabi_dsub
                0x00000000000000c8                __aeabi_dadd
                0x00000000000000c8                __adddf3
                0x0000000000000340                __aeabi_ui2d
                0x0000000000000340                __floatunsidf
                0x0000000000000360                __floatsidf
                0x0000000000000360                __aeabi_i2d
                0x0000000000000384                __extendsfdf2
                0x0000000000000384                __aeabi_f2d
                0x00000000000003c0                __aeabi_ul2d
                0x00000000000003c0                __floatundidf
                0x00000000000003d0                __aeabi_l2d
                0x00000000000003d0                __floatdidf
 .text          0x000000000000042c      0x424 /usr/local/Cellar/pebble-toolchain/2.0/arm-cs-tools/bin/../lib/gcc/arm-none-eabi/4.7.2/thumb2/libgcc.a(_arm_muldivdf3.o)
                0x000000000000042c                __aeabi_dmul
                0x000000000000042c                __muldf3
                0x0000000000000680                __aeabi_ddiv
                0x0000000000000680                __divdf3
 .text          0x0000000000000850      0x110 /usr/local/Cellar/pebble-toolchain/2.0/arm-cs-tools/bin/../lib/gcc/arm-none-eabi/4.7.2/thumb2/libgcc.a(_arm_cmpdf2.o)
                0x0000000000000850                __gtdf2
                0x0000000000000850                __gedf2
                0x0000000000000858                __ltdf2
                0x0000000000000858                __ledf2
                0x0000000000000860                __eqdf2
                0x0000000000000860                __nedf2
                0x0000000000000860                __cmpdf2
                0x00000000000008dc                __aeabi_cdrcmple
                0x00000000000008ec                __aeabi_cdcmple
                0x00000000000008ec                __aeabi_cdcmpeq
                0x00000000000008fc                __aeabi_dcmpeq
                0x0000000000000910                __aeabi_dcmplt
                0x0000000000000924                __aeabi_dcmple
                0x0000000000000938                __aeabi_dcmpge
                0x000000000000094c                __aeabi_dcmpgt
 .text          0x0000000000000960       0x50 /usr/local/Cellar/pebble-toolchain/2.0/arm-cs-tools/bin/../lib/gcc/arm-none-eabi/4.7.2/thumb2/libgcc.a(_arm_fixdfsi.o)
                0x0000000000000960                __fixdfsi
                0x0000000000000960                __aeabi_d2iz
 *(.text.*)
 .text.ftoa     0x00000000000009b0      0x100 src/c/ftoa.c.29.o
                0x00000000000009b0                ftoa
 .text.window_unload
                0x0000000000000ab0       0x58 src/c/main.c.29.o
 .text.window_appear
                0x0000000000000b08       0x3c src/c/main.c.29.o
 .text.window_load
                0x0000000000000b44      0x234 src/c/main.c.29.o
 .text.down_click_handler
                0x0000000000000d78       0xd8 src/c/main.c.29.o
 .text.up_click_handler
                0x0000000000000e50       0xc8 src/c/main.c.29.o
 .text.click_config_provider
                0x0000000000000f18       0x48 src/c/main.c.29.o
 .text.select_click_handler
                0x0000000000000f60       0x54 src/c/main.c.29.o
 .text.handle_second_tick
                0x0000000000000fb4       0x34 src/c/main.c.29.o
 .text.init     0x0000000000000fe8      0x12c src/c/main.c.29.o
                0x0000000000000fe8                init
 .text.deinit   0x0000000000001114       0x2c src/c/main.c.29.o
                0x0000000000001114                deinit
 .text.startup.main
                0x0000000000001140       0x4c src/c/main.c.29.o
                0x0000000000001140                main
 .text._putc.4227
                0x000000000000118c       0x26 src/c/mini-printf.c.29.o
 .text._puts.4231
                0x00000000000011b2       0x34 src/c/mini-printf.c.29.o
 .text.mini_itoa.part.0
                0x00000000000011e6       0x78 src/c/mini-printf.c.29.o
 .text.mini_vsnprintf
                0x000000000000125e       0xf8 src/c/mini-printf.c.29.o
                0x000000000000125e                mini_vsnprintf
 .text.mini_snprintf
                0x0000000000001356       0x18 src/c/mini-printf.c.29.o
                0x0000000000001356                mini_snprintf
 *fill*         0x000000000000136e        0x2 
 .text.window_unload
                0x0000000000001370       0x58 src/c/num_sets.c.29.o
 .text.window_appear
                0x00000000000013c8       0x3c src/c/num_sets.c.29.o
 .text.window_load
                0x0000000000001404      0x19c src/c/num_sets.c.29.o
 .text.down_click_handler
                0x00000000000015a0       0x50 src/c/num_sets.c.29.o
 .text.up_click_handler
                0x00000000000015f0       0x50 src/c/num_sets.c.29.o
 .text.click_config_provider
                0x0000000000001640       0x48 src/c/num_sets.c.29.o
 .text.select_click_handler
                0x0000000000001688       0x24 src/c/num_sets.c.29.o
 .text.handle_second_tick
                0x00000000000016ac       0x34 src/c/num_sets.c.29.o
 .text.num_sets_init
                0x00000000000016e0       0xf8 src/c/num_sets.c.29.o
                0x00000000000016e0                num_sets_init
 .text.get_num_rows_callback
                0x00000000000017d8       0x18 src/c/sets.c.29.o
 .text.get_cell_height_callback
                0x00000000000017f0        0x4 src/c/sets.c.29.o
 .text.sets_window_unload
                0x00000000000017f4       0x18 src/c/sets.c.29.o
 .text.sets_window_appear
                0x000000000000180c       0x34 src/c/sets.c.29.o
 .text.sets_window_load
                0x0000000000001840      0x1c8 src/c/sets.c.29.o
 .text.select_click
                0x0000000000001a08       0x24 src/c/sets.c.29.o
 .text.draw_row_callback
                0x0000000000001a2c      0x1ac src/c/sets.c.29.o
 .text.handle_second_tick
                0x0000000000001bd8       0x2c src/c/sets.c.29.o
 .text.calculate_percentages
                0x0000000000001c04       0x44 src/c/sets.c.29.o
                0x0000000000001c04                calculate_percentages
 .text.calculate_weights
                0x0000000000001c48       0xc8 src/c/sets.c.29.o
                0x0000000000001c48                calculate_weights
 .text.concatPlates
                0x0000000000001d10       0x84 src/c/sets.c.29.o
                0x0000000000001d10                concatPlates
 .text.calculate_barbell_math
                0x0000000000001d94      0x49c src/c/sets.c.29.o
                0x0000000000001d94                calculate_barbell_math
 .text.do_stuff
                0x0000000000002230       0x2c src/c/sets.c.29.o
                0x0000000000002230                do_stuff
 .text.sets_init
                0x000000000000225c       0x70 src/c/sets.c.29.o
                0x000000000000225c                sets_init
 .text.timer_window_unload
                0x00000000000022cc       0x78 src/c/timer.c.29.o
 .text.timer_window_appear
                0x0000000000002344       0x34 src/c/timer.c.29.o
 .text.check_time
                0x0000000000002378      0x100 src/c/timer.c.29.o
 .text.timer_window_load
                0x0000000000002478      0x12c src/c/timer.c.29.o
 .text.timer_click_config_provider
                0x00000000000025a4       0x6c src/c/timer.c.29.o
 .text.handle_second_tick
                0x0000000000002610      0x188 src/c/timer.c.29.o
 .text.stop_timer
                0x0000000000002798       0xc8 src/c/timer.c.29.o
                0x0000000000002798                stop_timer
 .text.long_timer_select_click_handler
                0x0000000000002860       0x14 src/c/timer.c.29.o
 .text.timer_back_click_handler
                0x0000000000002874       0x14 src/c/timer.c.29.o
 .text.timer_up_click_handler
                0x0000000000002888       0x38 src/c/timer.c.29.o
 .text.timer_down_click_handler
                0x00000000000028c0       0x38 src/c/timer.c.29.o
 .text.timer_select_click_handler
                0x00000000000028f8       0xe8 src/c/timer.c.29.o
 .text.init_timer_window
                0x00000000000029e0      0x118 src/c/timer.c.29.o
                0x00000000000029e0                init_timer_window
 .text.app_event_loop
                0x0000000000002af8        0xc /Users/thomasfiveash/Library/Application Support/Pebble SDK/SDKs/current/sdk-core/pebble/aplite/lib/libpebble.a(tmp54NhKcpebble.o)
                0x0000000000002af8                app_event_loop
 .text.clock_copy_time_string
                0x0000000000002b04        0xc /Users/thomasfiveash/Library/Application Support/Pebble SDK/SDKs/current/sdk-core/pebble/aplite/lib/libpebble.a(tmp54NhKcpebble.o)
                0x0000000000002b04                clock_copy_time_string
 .text.fonts_get_system_font
                0x0000000000002b10        0xc /Users/thomasfiveash/Library/Application Support/Pebble SDK/SDKs/current/sdk-core/pebble/aplite/lib/libpebble.a(tmp54NhKcpebble.o)
                0x0000000000002b10                fonts_get_system_font
 .text.gbitmap_create_with_resource
                0x0000000000002b1c        0xc /Users/thomasfiveash/Library/Application Support/Pebble SDK/SDKs/current/sdk-core/pebble/aplite/lib/libpebble.a(tmp54NhKcpebble.o)
                0x0000000000002b1c                gbitmap_create_with_resource
 .text.gbitmap_destroy
                0x0000000000002b28        0xc /Users/thomasfiveash/Library/Application Support/Pebble SDK/SDKs/current/sdk-core/pebble/aplite/lib/libpebble.a(tmp54NhKcpebble.o)
                0x0000000000002b28                gbitmap_destroy
 .text.layer_add_child
                0x0000000000002b34        0xc /Users/thomasfiveash/Library/Application Support/Pebble SDK/SDKs/current/sdk-core/pebble/aplite/lib/libpebble.a(tmp54NhKcpebble.o)
                0x0000000000002b34                layer_add_child
 .text.layer_get_bounds
                0x0000000000002b40        0xc /Users/thomasfiveash/Library/Application Support/Pebble SDK/SDKs/current/sdk-core/pebble/aplite/lib/libpebble.a(tmp54NhKcpebble.o)
                0x0000000000002b40                layer_get_bounds
 .text.layer_get_frame
                0x0000000000002b4c        0xc /Users/thomasfiveash/Library/Application Support/Pebble SDK/SDKs/current/sdk-core/pebble/aplite/lib/libpebble.a(tmp54NhKcpebble.o)
                0x0000000000002b4c                layer_get_frame
 .text.memset   0x0000000000002b58        0xc /Users/thomasfiveash/Library/Application Support/Pebble SDK/SDKs/current/sdk-core/pebble/aplite/lib/libpebble.a(tmp54NhKcpebble.o)
                0x0000000000002b58                memset
 .text.menu_cell_basic_draw
                0x0000000000002b64        0xc /Users/thomasfiveash/Library/Application Support/Pebble SDK/SDKs/current/sdk-core/pebble/aplite/lib/libpebble.a(tmp54NhKcpebble.o)
                0x0000000000002b64                menu_cell_basic_draw
 .text.menu_layer_get_layer
                0x0000000000002b70        0xc /Users/thomasfiveash/Library/Application Support/Pebble SDK/SDKs/current/sdk-core/pebble/aplite/lib/libpebble.a(tmp54NhKcpebble.o)
                0x0000000000002b70                menu_layer_get_layer
 .text.menu_layer_set_click_config_onto_window
                0x0000000000002b7c        0xc /Users/thomasfiveash/Library/Application Support/Pebble SDK/SDKs/current/sdk-core/pebble/aplite/lib/libpebble.a(tmp54NhKcpebble.o)
                0x0000000000002b7c                menu_layer_set_click_config_onto_window
 .text.snprintf
                0x0000000000002b88        0xc /Users/thomasfiveash/Library/Application Support/Pebble SDK/SDKs/current/sdk-core/pebble/aplite/lib/libpebble.a(tmp54NhKcpebble.o)
                0x0000000000002b88                snprintf
 .text.strcat   0x0000000000002b94        0xc /Users/thomasfiveash/Library/Application Support/Pebble SDK/SDKs/current/sdk-core/pebble/aplite/lib/libpebble.a(tmp54NhKcpebble.o)
                0x0000000000002b94                strcat
 .text.strcpy   0x0000000000002ba0        0xc /Users/thomasfiveash/Library/Application Support/Pebble SDK/SDKs/current/sdk-core/pebble/aplite/lib/libpebble.a(tmp54NhKcpebble.o)
                0x0000000000002ba0                strcpy
 .text.strlen   0x0000000000002bac        0xc /Users/thomasfiveash/Library/Application Support/Pebble SDK/SDKs/current/sdk-core/pebble/aplite/lib/libpebble.a(tmp54NhKcpebble.o)
                0x0000000000002bac                strlen
 .text.tick_timer_service_subscribe
                0x0000000000002bb8        0xc /Users/thomasfiveash/Library/Application Support/Pebble SDK/SDKs/current/sdk-core/pebble/aplite/lib/libpebble.a(tmp54NhKcpebble.o)
                0x0000000000002bb8                tick_timer_service_subscribe
 .text.vibes_enqueue_custom_pattern
                0x0000000000002bc4        0xc /Users/thomasfiveash/Library/Application Support/Pebble SDK/SDKs/current/sdk-core/pebble/aplite/lib/libpebble.a(tmp54NhKcpebble.o)
                0x0000000000002bc4                vibes_enqueue_custom_pattern
 .text.window_create
                0x0000000000002bd0        0xc /Users/thomasfiveash/Library/Application Support/Pebble SDK/SDKs/current/sdk-core/pebble/aplite/lib/libpebble.a(tmp54NhKcpebble.o)
                0x0000000000002bd0                window_create
 .text.window_destroy
                0x0000000000002bdc        0xc /Users/thomasfiveash/Library/Application Support/Pebble SDK/SDKs/current/sdk-core/pebble/aplite/lib/libpebble.a(tmp54NhKcpebble.o)
                0x0000000000002bdc                window_destroy
 .text.window_get_root_layer
                0x0000000000002be8        0xc /Users/thomasfiveash/Library/Application Support/Pebble SDK/SDKs/current/sdk-core/pebble/aplite/lib/libpebble.a(tmp54NhKcpebble.o)
                0x0000000000002be8                window_get_root_layer
 .text.window_set_click_config_provider
                0x0000000000002bf4        0xc /Users/thomasfiveash/Library/Application Support/Pebble SDK/SDKs/current/sdk-core/pebble/aplite/lib/libpebble.a(tmp54NhKcpebble.o)
                0x0000000000002bf4                window_set_click_config_provider
 .text.window_set_window_handlers
                0x0000000000002c00        0xc /Users/thomasfiveash/Library/Application Support/Pebble SDK/SDKs/current/sdk-core/pebble/aplite/lib/libpebble.a(tmp54NhKcpebble.o)
                0x0000000000002c00                window_set_window_handlers
 .text.window_stack_pop
                0x0000000000002c0c        0xc /Users/thomasfiveash/Library/Application Support/Pebble SDK/SDKs/current/sdk-core/pebble/aplite/lib/libpebble.a(tmp54NhKcpebble.o)
                0x0000000000002c0c                window_stack_pop
 .text.window_stack_push
                0x0000000000002c18        0xc /Users/thomasfiveash/Library/Application Support/Pebble SDK/SDKs/current/sdk-core/pebble/aplite/lib/libpebble.a(tmp54NhKcpebble.o)
                0x0000000000002c18                window_stack_push
 .text.window_stack_remove
                0x0000000000002c24        0xc /Users/thomasfiveash/Library/Application Support/Pebble SDK/SDKs/current/sdk-core/pebble/aplite/lib/libpebble.a(tmp54NhKcpebble.o)
                0x0000000000002c24                window_stack_remove
 .text.window_long_click_subscribe
                0x0000000000002c30        0xc /Users/thomasfiveash/Library/Application Support/Pebble SDK/SDKs/current/sdk-core/pebble/aplite/lib/libpebble.a(tmp54NhKcpebble.o)
                0x0000000000002c30                window_long_click_subscribe
 .text.window_single_click_subscribe
                0x0000000000002c3c        0xc /Users/thomasfiveash/Library/Application Support/Pebble SDK/SDKs/current/sdk-core/pebble/aplite/lib/libpebble.a(tmp54NhKcpebble.o)
                0x0000000000002c3c                window_single_click_subscribe
 .text.window_single_repeating_click_subscribe
                0x0000000000002c48        0xc /Users/thomasfiveash/Library/Application Support/Pebble SDK/SDKs/current/sdk-core/pebble/aplite/lib/libpebble.a(tmp54NhKcpebble.o)
                0x0000000000002c48                window_single_repeating_click_subscribe
 .text.menu_layer_create
                0x0000000000002c54        0xc /Users/thomasfiveash/Library/Application Support/Pebble SDK/SDKs/current/sdk-core/pebble/aplite/lib/libpebble.a(tmp54NhKcpebble.o)
                0x0000000000002c54                menu_layer_create
 .text.action_bar_layer_add_to_window
                0x0000000000002c60        0xc /Users/thomasfiveash/Library/Application Support/Pebble SDK/SDKs/current/sdk-core/pebble/aplite/lib/libpebble.a(tmp54NhKcpebble.o)
                0x0000000000002c60                action_bar_layer_add_to_window
 .text.action_bar_layer_create
                0x0000000000002c6c        0xc /Users/thomasfiveash/Library/Application Support/Pebble SDK/SDKs/current/sdk-core/pebble/aplite/lib/libpebble.a(tmp54NhKcpebble.o)
                0x0000000000002c6c                action_bar_layer_create
 .text.action_bar_layer_destroy
                0x0000000000002c78        0xc /Users/thomasfiveash/Library/Application Support/Pebble SDK/SDKs/current/sdk-core/pebble/aplite/lib/libpebble.a(tmp54NhKcpebble.o)
                0x0000000000002c78                action_bar_layer_destroy
 .text.action_bar_layer_set_background_color
                0x0000000000002c84        0xc /Users/thomasfiveash/Library/Application Support/Pebble SDK/SDKs/current/sdk-core/pebble/aplite/lib/libpebble.a(tmp54NhKcpebble.o)
                0x0000000000002c84                action_bar_layer_set_background_color
 .text.action_bar_layer_set_icon
                0x0000000000002c90        0xc /Users/thomasfiveash/Library/Application Support/Pebble SDK/SDKs/current/sdk-core/pebble/aplite/lib/libpebble.a(tmp54NhKcpebble.o)
                0x0000000000002c90                action_bar_layer_set_icon
 .text.text_layer_create
                0x0000000000002c9c        0xc /Users/thomasfiveash/Library/Application Support/Pebble SDK/SDKs/current/sdk-core/pebble/aplite/lib/libpebble.a(tmp54NhKcpebble.o)
                0x0000000000002c9c                text_layer_create
 .text.text_layer_destroy
                0x0000000000002ca8        0xc /Users/thomasfiveash/Library/Application Support/Pebble SDK/SDKs/current/sdk-core/pebble/aplite/lib/libpebble.a(tmp54NhKcpebble.o)
                0x0000000000002ca8                text_layer_destroy
 .text.text_layer_get_layer
                0x0000000000002cb4        0xc /Users/thomasfiveash/Library/Application Support/Pebble SDK/SDKs/current/sdk-core/pebble/aplite/lib/libpebble.a(tmp54NhKcpebble.o)
                0x0000000000002cb4                text_layer_get_layer
 .text.text_layer_set_font
                0x0000000000002cc0        0xc /Users/thomasfiveash/Library/Application Support/Pebble SDK/SDKs/current/sdk-core/pebble/aplite/lib/libpebble.a(tmp54NhKcpebble.o)
                0x0000000000002cc0                text_layer_set_font
 .text.text_layer_set_text
                0x0000000000002ccc        0xc /Users/thomasfiveash/Library/Application Support/Pebble SDK/SDKs/current/sdk-core/pebble/aplite/lib/libpebble.a(tmp54NhKcpebble.o)
                0x0000000000002ccc                text_layer_set_text
 .text.text_layer_set_text_alignment
                0x0000000000002cd8        0xc /Users/thomasfiveash/Library/Application Support/Pebble SDK/SDKs/current/sdk-core/pebble/aplite/lib/libpebble.a(tmp54NhKcpebble.o)
                0x0000000000002cd8                text_layer_set_text_alignment
 .text.menu_layer_set_callbacks
                0x0000000000002ce4        0xc /Users/thomasfiveash/Library/Application Support/Pebble SDK/SDKs/current/sdk-core/pebble/aplite/lib/libpebble.a(tmp54NhKcpebble.o)
                0x0000000000002ce4                menu_layer_set_callbacks
 .text.grect_inset
                0x0000000000002cf0        0xc /Users/thomasfiveash/Library/Application Support/Pebble SDK/SDKs/current/sdk-core/pebble/aplite/lib/libpebble.a(tmp54NhKcpebble.o)
                0x0000000000002cf0                grect_inset
 *(.rodata)
 *(.rodata*)
 .rodata.str1.1
                0x0000000000002cfc        0x3 src/c/ftoa.c.29.o
 .rodata.str1.1
                0x0000000000002cff       0x75 src/c/main.c.29.o
 .rodata.str1.1
                0x0000000000002d74       0x16 src/c/num_sets.c.29.o
                                         0x62 (size before relaxing)
 .rodata.str1.1
                0x0000000000002d8a       0x23 src/c/sets.c.29.o
                                         0x46 (size before relaxing)
 .rodata.str1.1
                0x0000000000002dad       0x19 src/c/timer.c.29.o
                                         0x4a (size before relaxing)
 *fill*         0x0000000000002dc6        0x2 
 .rodata.seg    0x0000000000002dc8        0xc src/c/timer.c.29.o
                0x0000000000002dc8                seg

.glue_7         0x0000000000002dd4        0x0
 .glue_7        0x0000000000000000        0x0 linker stubs

.glue_7t        0x0000000000002dd4        0x0
 .glue_7t       0x0000000000000000        0x0 linker stubs

.vfp11_veneer   0x0000000000002dd4        0x0
 .vfp11_veneer  0x0000000000000000        0x0 linker stubs

.v4_bx          0x0000000000002dd4        0x0
 .v4_bx         0x0000000000000000        0x0 linker stubs

.iplt           0x0000000000002dd4        0x0
 .iplt          0x0000000000000000        0x0 /usr/local/Cellar/pebble-toolchain/2.0/arm-cs-tools/bin/../lib/gcc/arm-none-eabi/4.7.2/thumb2/crtbegin.o

.rel.dyn        0x0000000000002dd4        0x0
 .rel.iplt      0x0000000000000000        0x0 /usr/local/Cellar/pebble-toolchain/2.0/arm-cs-tools/bin/../lib/gcc/arm-none-eabi/4.7.2/thumb2/crtbegin.o
 .rel.got       0x0000000000000000        0x0 /usr/local/Cellar/pebble-toolchain/2.0/arm-cs-tools/bin/../lib/gcc/arm-none-eabi/4.7.2/thumb2/crtbegin.o

.data           0x0000000000002dd8      0x49c
 *(.data)
 .data          0x0000000000002dd8        0x0 /usr/local/Cellar/pebble-toolchain/2.0/arm-cs-tools/bin/../lib/gcc/arm-none-eabi/4.7.2/thumb2/crti.o
 .data          0x0000000000002dd8        0x4 /usr/local/Cellar/pebble-toolchain/2.0/arm-cs-tools/bin/../lib/gcc/arm-none-eabi/4.7.2/thumb2/crtbegin.o
                0x0000000000002dd8                __dso_handle
 .data          0x0000000000002ddc        0x0 src/c/ftoa.c.29.o
 .data          0x0000000000002ddc        0x0 src/c/main.c.29.o
 .data          0x0000000000002ddc        0x0 src/c/mini-printf.c.29.o
 .data          0x0000000000002ddc        0x0 src/c/num_sets.c.29.o
 .data          0x0000000000002ddc        0x0 src/c/sets.c.29.o
 .data          0x0000000000002ddc        0x8 src/c/timer.c.29.o
 .data          0x0000000000002de4        0x0 aplite/appinfo.auto.c.29.o
 .data          0x0000000000002de4        0x0 aplite/src/resource_ids.auto.c.29.o
 .data          0x0000000000002de4        0x0 src/message_keys.auto.c.29.o
 .data          0x0000000000002de4        0x0 /Users/thomasfiveash/Library/Application Support/Pebble SDK/SDKs/current/sdk-core/pebble/aplite/lib/libpebble.a(tmp54NhKcpebble.o)
 .data          0x0000000000002de4        0x0 /usr/local/Cellar/pebble-toolchain/2.0/arm-cs-tools/bin/../lib/gcc/arm-none-eabi/4.7.2/thumb2/libgcc.a(_arm_addsubdf3.o)
 .data          0x0000000000002de4        0x0 /usr/local/Cellar/pebble-toolchain/2.0/arm-cs-tools/bin/../lib/gcc/arm-none-eabi/4.7.2/thumb2/libgcc.a(_arm_muldivdf3.o)
 .data          0x0000000000002de4        0x0 /usr/local/Cellar/pebble-toolchain/2.0/arm-cs-tools/bin/../lib/gcc/arm-none-eabi/4.7.2/thumb2/libgcc.a(_arm_cmpdf2.o)
 .data          0x0000000000002de4        0x0 /usr/local/Cellar/pebble-toolchain/2.0/arm-cs-tools/bin/../lib/gcc/arm-none-eabi/4.7.2/thumb2/libgcc.a(_arm_fixdfsi.o)
 .data          0x0000000000002de4        0x0 /usr/local/Cellar/pebble-toolchain/2.0/arm-cs-tools/bin/../lib/gcc/arm-none-eabi/4.7.2/thumb2/crtend.o
 .data          0x0000000000002de4        0x0 /usr/local/Cellar/pebble-toolchain/2.0/arm-cs-tools/bin/../lib/gcc/arm-none-eabi/4.7.2/thumb2/crtn.o
 *(.data.*)
 .data.barbell  0x0000000000002de4        0x8 src/c/main.c.29.o
                0x0000000000002de4                barbell
 *fill*         0x0000000000002dec        0x4 
 .data.step_size
                0x0000000000002df0       0x10 src/c/main.c.29.o
                0x0000000000002df0                step_size
 .data.plate_weights
                0x0000000000002e00       0x80 src/c/main.c.29.o
                0x0000000000002e00                plate_weights
 .data.plate_numbers
                0x0000000000002e80       0x40 src/c/main.c.29.o
                0x0000000000002e80                plate_numbers
 .data.s_time_text
                0x0000000000002ec0        0x9 src/c/main.c.29.o
 .data.s_time_text
                0x0000000000002ec9        0x9 src/c/num_sets.c.29.o
 .data.s_time_text
                0x0000000000002ed2        0x9 src/c/sets.c.29.o
 *fill*         0x0000000000002edb        0x1 
 .data.numReps  0x0000000000002edc      0x384 src/c/sets.c.29.o
                0x0000000000002edc                numReps
 .data.minutes  0x0000000000003260        0x4 src/c/timer.c.29.o
                0x0000000000003260                minutes
 .data.timer_edit_state
                0x0000000000003264        0x1 src/c/timer.c.29.o
                0x0000000000003264                timer_edit_state
 .data.timer_begin_state
                0x0000000000003265        0x1 src/c/timer.c.29.o
                0x0000000000003265                timer_begin_state
 .data.s_time_text
                0x0000000000003266        0x9 src/c/timer.c.29.o
 *fill*         0x000000000000326f        0x1 
 .data.seconds  0x0000000000003270        0x4 src/c/timer.c.29.o
                0x0000000000003270                seconds

.igot.plt       0x0000000000003274        0x0
 .igot.plt      0x0000000000000000        0x0 /usr/local/Cellar/pebble-toolchain/2.0/arm-cs-tools/bin/../lib/gcc/arm-none-eabi/4.7.2/thumb2/crtbegin.o

.got            0x0000000000003274       0x58
 .got           0x0000000000003274       0x58 /usr/local/Cellar/pebble-toolchain/2.0/arm-cs-tools/bin/../lib/gcc/arm-none-eabi/4.7.2/thumb2/crtbegin.o

.got.plt        0x00000000000032cc        0xc
 .got.plt       0x00000000000032cc        0xc /usr/local/Cellar/pebble-toolchain/2.0/arm-cs-tools/bin/../lib/gcc/arm-none-eabi/4.7.2/thumb2/crtbegin.o
                0x00000000000032cc                _GLOBAL_OFFSET_TABLE_

.bss            0x00000000000032d8      0x38c
 *(.bss)
 *(.bss.*)
 .bss.res_up_arrow
                0x00000000000032d8        0x4 src/c/main.c.29.o
 .bss.res_check_mark
                0x00000000000032dc        0x4 src/c/main.c.29.o
 .bss.action_bar_layer
                0x00000000000032e0        0x4 src/c/main.c.29.o
 .bss.res_down_arrow
                0x00000000000032e4        0x4 src/c/main.c.29.o
 .bss.temp      0x00000000000032e8        0x4 src/c/main.c.29.o
                0x00000000000032e8                temp
 .bss.res_up_arrow
                0x00000000000032ec        0x4 src/c/num_sets.c.29.o
 .bss.res_check_mark
                0x00000000000032f0        0x4 src/c/num_sets.c.29.o
 .bss.action_bar_layer
                0x00000000000032f4        0x4 src/c/num_sets.c.29.o
 .bss.res_down_arrow
                0x00000000000032f8        0x4 src/c/num_sets.c.29.o
 .bss.head      0x00000000000032fc        0x4 src/c/sets.c.29.o
                0x00000000000032fc                head
 .bss.s_buff5.7922
                0x0000000000003300       0x14 src/c/sets.c.29.o
 .bss.s_time_layer
                0x0000000000003314        0x4 src/c/sets.c.29.o
 .bss.s_list_message_layer2
                0x0000000000003318        0x4 src/c/sets.c.29.o
 .bss.s_buff4.7921
                0x000000000000331c       0x14 src/c/sets.c.29.o
 .bss.s_buff4.7989
                0x0000000000003330       0x10 src/c/sets.c.29.o
 .bss.s_menu_layer
                0x0000000000003340        0x4 src/c/sets.c.29.o
 .bss.plate_numbers_copied
                0x0000000000003344       0x20 src/c/sets.c.29.o
                0x0000000000003344                plate_numbers_copied
 .bss.s_res_15_plus_button
                0x0000000000003364        0x4 src/c/timer.c.29.o
 .bss.s_text_layer
                0x0000000000003368        0x4 src/c/timer.c.29.o
 .bss.s_res_reset_button
                0x000000000000336c        0x4 src/c/timer.c.29.o
 .bss.timer_finished_state
                0x0000000000003370        0x1 src/c/timer.c.29.o
                0x0000000000003370                timer_finished_state
 *fill*         0x0000000000003371        0x3 
 .bss.s_time_layer
                0x0000000000003374        0x4 src/c/timer.c.29.o
 .bss.timer_running_state
                0x0000000000003378        0x1 src/c/timer.c.29.o
                0x0000000000003378                timer_running_state
 *fill*         0x0000000000003379        0x3 
 .bss.s_res_play_reset_button
                0x000000000000337c        0x4 src/c/timer.c.29.o
 .bss.hours     0x0000000000003380        0x4 src/c/timer.c.29.o
                0x0000000000003380                hours
 .bss.s_actionbarlayer_1
                0x0000000000003384        0x4 src/c/timer.c.29.o
 .bss.s_res_play_button
                0x0000000000003388        0x4 src/c/timer.c.29.o
 .bss.s_res_pause_button
                0x000000000000338c        0x4 src/c/timer.c.29.o
 .bss.s_res_15_minus_button
                0x0000000000003390        0x4 src/c/timer.c.29.o
 *fill*         0x0000000000003394        0x4 
 COMMON         0x0000000000003398       0x38 src/c/main.c.29.o
                0x0000000000003398                weight_layer
                0x000000000000339c                unit_type
                0x00000000000033a0                unit_system
                0x00000000000033a4                main_window
                0x00000000000033a8                text_layer
                0x00000000000033ac                num_sets_window
                0x00000000000033b0                weight_buff
                0x00000000000033bc                time_layer
                0x00000000000033c0                sets
                0x00000000000033c8                weight
 COMMON         0x00000000000033d0        0x8 src/c/num_sets.c.29.o
                0x00000000000033d0                sets_layer
                0x00000000000033d4                sets_window
 COMMON         0x00000000000033d8      0x264 src/c/sets.c.29.o
                0x00000000000033d8                set_percentages
                0x0000000000003450                weights
                0x0000000000003494                plates
                0x0000000000003624                s_timer_window
                0x0000000000003628                sets_buff
                0x0000000000003638                ret
 COMMON         0x000000000000363c       0x28 src/c/timer.c.29.o
                0x000000000000363c                hours_buff
                0x0000000000003646                seconds_buff
                0x0000000000003650                timer_buff
                0x000000000000365a                minutes_buff

DISCARD
 libc.a(*)
 libm.a(*)
 libgcc.a(*)
 *(.eh_frame)
OUTPUT(/Users/thomasfiveash/Desktop/PebbleWarmupSetsV2/build/aplite/pebble-app.elf elf32-littlearm)

.ARM.attributes
                0x0000000000000000       0x27
 .ARM.attributes
                0x0000000000000000       0x19 /usr/local/Cellar/pebble-toolchain/2.0/arm-cs-tools/bin/../lib/gcc/arm-none-eabi/4.7.2/thumb2/crti.o
 .ARM.attributes
                0x0000000000000019       0x29 /usr/local/Cellar/pebble-toolchain/2.0/arm-cs-tools/bin/../lib/gcc/arm-none-eabi/4.7.2/thumb2/crtbegin.o
 .ARM.attributes
                0x0000000000000042       0x33 src/c/ftoa.c.29.o
 .ARM.attributes
                0x0000000000000075       0x33 src/c/main.c.29.o
 .ARM.attributes
                0x00000000000000a8       0x33 src/c/mini-printf.c.29.o
 .ARM.attributes
                0x00000000000000db       0x33 src/c/num_sets.c.29.o
 .ARM.attributes
                0x000000000000010e       0x33 src/c/sets.c.29.o
 .ARM.attributes
                0x0000000000000141       0x33 src/c/timer.c.29.o
 .ARM.attributes
                0x0000000000000174       0x33 aplite/appinfo.auto.c.29.o
 .ARM.attributes
                0x00000000000001a7       0x33 aplite/src/resource_ids.auto.c.29.o
 .ARM.attributes
                0x00000000000001da       0x33 src/message_keys.auto.c.29.o
 .ARM.attributes
                0x000000000000020d       0x21 /Users/thomasfiveash/Library/Application Support/Pebble SDK/SDKs/current/sdk-core/pebble/aplite/lib/libpebble.a(tmp54NhKcpebble.o)
 .ARM.attributes
                0x000000000000022e       0x19 /usr/local/Cellar/pebble-toolchain/2.0/arm-cs-tools/bin/../lib/gcc/arm-none-eabi/4.7.2/thumb2/libgcc.a(_arm_addsubdf3.o)
 .ARM.attributes
                0x0000000000000247       0x19 /usr/local/Cellar/pebble-toolchain/2.0/arm-cs-tools/bin/../lib/gcc/arm-none-eabi/4.7.2/thumb2/libgcc.a(_arm_muldivdf3.o)
 .ARM.attributes
                0x0000000000000260       0x19 /usr/local/Cellar/pebble-toolchain/2.0/arm-cs-tools/bin/../lib/gcc/arm-none-eabi/4.7.2/thumb2/libgcc.a(_arm_cmpdf2.o)
 .ARM.attributes
                0x0000000000000279       0x19 /usr/local/Cellar/pebble-toolchain/2.0/arm-cs-tools/bin/../lib/gcc/arm-none-eabi/4.7.2/thumb2/libgcc.a(_arm_fixdfsi.o)
 .ARM.attributes
                0x0000000000000292       0x29 /usr/local/Cellar/pebble-toolchain/2.0/arm-cs-tools/bin/../lib/gcc/arm-none-eabi/4.7.2/thumb2/crtend.o
 .ARM.attributes
                0x00000000000002bb       0x19 /usr/local/Cellar/pebble-toolchain/2.0/arm-cs-tools/bin/../lib/gcc/arm-none-eabi/4.7.2/thumb2/crtn.o

.comment        0x0000000000000000       0x4e
 .comment       0x0000000000000000       0x4e /usr/local/Cellar/pebble-toolchain/2.0/arm-cs-tools/bin/../lib/gcc/arm-none-eabi/4.7.2/thumb2/crtbegin.o
                                         0x4f (size before relaxing)
 .comment       0x0000000000000000       0x4f src/c/ftoa.c.29.o
 .comment       0x0000000000000000       0x4f src/c/main.c.29.o
 .comment       0x0000000000000000       0x4f src/c/mini-printf.c.29.o
 .comment       0x0000000000000000       0x4f src/c/num_sets.c.29.o
 .comment       0x0000000000000000       0x4f src/c/sets.c.29.o
 .comment       0x0000000000000000       0x4f src/c/timer.c.29.o
 .comment       0x0000000000000000       0x4f aplite/appinfo.auto.c.29.o
 .comment       0x0000000000000000       0x4f aplite/src/resource_ids.auto.c.29.o
 .comment       0x0000000000000000       0x4f src/message_keys.auto.c.29.o
 .comment       0x0000000000000000       0x4f /usr/local/Cellar/pebble-toolchain/2.0/arm-cs-tools/bin/../lib/gcc/arm-none-eabi/4.7.2/thumb2/crtend.o

.debug_info     0x0000000000000000     0x57cf
 .debug_info    0x0000000000000000      0x171 src/c/ftoa.c.29.o
 .debug_info    0x0000000000000171     0x10fa src/c/main.c.29.o
 .debug_info    0x000000000000126b      0x515 src/c/mini-printf.c.29.o
 .debug_info    0x0000000000001780      0xf1d src/c/num_sets.c.29.o
 .debug_info    0x000000000000269d     0x1637 src/c/sets.c.29.o
 .debug_info    0x0000000000003cd4     0x1225 src/c/timer.c.29.o
 .debug_info    0x0000000000004ef9      0x2e6 aplite/appinfo.auto.c.29.o
 .debug_info    0x00000000000051df      0x159 aplite/src/resource_ids.auto.c.29.o
 .debug_info    0x0000000000005338      0x1b3 src/message_keys.auto.c.29.o
 .debug_info    0x00000000000054eb       0xb9 /usr/local/Cellar/pebble-toolchain/2.0/arm-cs-tools/bin/../lib/gcc/arm-none-eabi/4.7.2/thumb2/libgcc.a(_arm_addsubdf3.o)
 .debug_info    0x00000000000055a4       0xb9 /usr/local/Cellar/pebble-toolchain/2.0/arm-cs-tools/bin/../lib/gcc/arm-none-eabi/4.7.2/thumb2/libgcc.a(_arm_muldivdf3.o)
 .debug_info    0x000000000000565d       0xb9 /usr/local/Cellar/pebble-toolchain/2.0/arm-cs-tools/bin/../lib/gcc/arm-none-eabi/4.7.2/thumb2/libgcc.a(_arm_cmpdf2.o)
 .debug_info    0x0000000000005716       0xb9 /usr/local/Cellar/pebble-toolchain/2.0/arm-cs-tools/bin/../lib/gcc/arm-none-eabi/4.7.2/thumb2/libgcc.a(_arm_fixdfsi.o)

.debug_abbrev   0x0000000000000000     0x1172
 .debug_abbrev  0x0000000000000000       0xf3 src/c/ftoa.c.29.o
 .debug_abbrev  0x00000000000000f3      0x30d src/c/main.c.29.o
 .debug_abbrev  0x0000000000000400      0x234 src/c/mini-printf.c.29.o
 .debug_abbrev  0x0000000000000634      0x2dc src/c/num_sets.c.29.o
 .debug_abbrev  0x0000000000000910      0x410 src/c/sets.c.29.o
 .debug_abbrev  0x0000000000000d20      0x2f2 src/c/timer.c.29.o
 .debug_abbrev  0x0000000000001012       0x88 aplite/appinfo.auto.c.29.o
 .debug_abbrev  0x000000000000109a       0x44 aplite/src/resource_ids.auto.c.29.o
 .debug_abbrev  0x00000000000010de       0x44 src/message_keys.auto.c.29.o
 .debug_abbrev  0x0000000000001122       0x14 /usr/local/Cellar/pebble-toolchain/2.0/arm-cs-tools/bin/../lib/gcc/arm-none-eabi/4.7.2/thumb2/libgcc.a(_arm_addsubdf3.o)
 .debug_abbrev  0x0000000000001136       0x14 /usr/local/Cellar/pebble-toolchain/2.0/arm-cs-tools/bin/../lib/gcc/arm-none-eabi/4.7.2/thumb2/libgcc.a(_arm_muldivdf3.o)
 .debug_abbrev  0x000000000000114a       0x14 /usr/local/Cellar/pebble-toolchain/2.0/arm-cs-tools/bin/../lib/gcc/arm-none-eabi/4.7.2/thumb2/libgcc.a(_arm_cmpdf2.o)
 .debug_abbrev  0x000000000000115e       0x14 /usr/local/Cellar/pebble-toolchain/2.0/arm-cs-tools/bin/../lib/gcc/arm-none-eabi/4.7.2/thumb2/libgcc.a(_arm_fixdfsi.o)

.debug_loc      0x0000000000000000     0x1970
 .debug_loc     0x0000000000000000       0xe8 src/c/ftoa.c.29.o
 .debug_loc     0x00000000000000e8      0x37f src/c/main.c.29.o
 .debug_loc     0x0000000000000467      0x5e8 src/c/mini-printf.c.29.o
 .debug_loc     0x0000000000000a4f      0x324 src/c/num_sets.c.29.o
 .debug_loc     0x0000000000000d73      0x7bf src/c/sets.c.29.o
 .debug_loc     0x0000000000001532      0x43e src/c/timer.c.29.o

.debug_aranges  0x0000000000000000      0x308
 .debug_aranges
                0x0000000000000000       0x20 src/c/ftoa.c.29.o
 .debug_aranges
                0x0000000000000020       0x70 src/c/main.c.29.o
 .debug_aranges
                0x0000000000000090       0x40 src/c/mini-printf.c.29.o
 .debug_aranges
                0x00000000000000d0       0x68 src/c/num_sets.c.29.o
 .debug_aranges
                0x0000000000000138       0x88 src/c/sets.c.29.o
 .debug_aranges
                0x00000000000001c0       0x80 src/c/timer.c.29.o
 .debug_aranges
                0x0000000000000240       0x18 aplite/appinfo.auto.c.29.o
 .debug_aranges
                0x0000000000000258       0x18 aplite/src/resource_ids.auto.c.29.o
 .debug_aranges
                0x0000000000000270       0x18 src/message_keys.auto.c.29.o
 .debug_aranges
                0x0000000000000288       0x20 /usr/local/Cellar/pebble-toolchain/2.0/arm-cs-tools/bin/../lib/gcc/arm-none-eabi/4.7.2/thumb2/libgcc.a(_arm_addsubdf3.o)
 .debug_aranges
                0x00000000000002a8       0x20 /usr/local/Cellar/pebble-toolchain/2.0/arm-cs-tools/bin/../lib/gcc/arm-none-eabi/4.7.2/thumb2/libgcc.a(_arm_muldivdf3.o)
 .debug_aranges
                0x00000000000002c8       0x20 /usr/local/Cellar/pebble-toolchain/2.0/arm-cs-tools/bin/../lib/gcc/arm-none-eabi/4.7.2/thumb2/libgcc.a(_arm_cmpdf2.o)
 .debug_aranges
                0x00000000000002e8       0x20 /usr/local/Cellar/pebble-toolchain/2.0/arm-cs-tools/bin/../lib/gcc/arm-none-eabi/4.7.2/thumb2/libgcc.a(_arm_fixdfsi.o)

.debug_ranges   0x0000000000000000      0x380
 .debug_ranges  0x0000000000000000       0x10 src/c/ftoa.c.29.o
 .debug_ranges  0x0000000000000010       0x90 src/c/main.c.29.o
 .debug_ranges  0x00000000000000a0       0x60 src/c/mini-printf.c.29.o
 .debug_ranges  0x0000000000000100       0x88 src/c/num_sets.c.29.o
 .debug_ranges  0x0000000000000188      0x158 src/c/sets.c.29.o
 .debug_ranges  0x00000000000002e0       0xa0 src/c/timer.c.29.o

.debug_line     0x0000000000000000     0x18a5
 .debug_line    0x0000000000000000      0x15c src/c/ftoa.c.29.o
 .debug_line    0x000000000000015c      0x2d2 src/c/main.c.29.o
 .debug_line    0x000000000000042e      0x18d src/c/mini-printf.c.29.o
 .debug_line    0x00000000000005bb      0x296 src/c/num_sets.c.29.o
 .debug_line    0x0000000000000851      0x44b src/c/sets.c.29.o
 .debug_line    0x0000000000000c9c      0x38a src/c/timer.c.29.o
 .debug_line    0x0000000000001026      0x13c aplite/appinfo.auto.c.29.o
 .debug_line    0x0000000000001162       0xc4 aplite/src/resource_ids.auto.c.29.o
 .debug_line    0x0000000000001226       0xbd src/message_keys.auto.c.29.o
 .debug_line    0x00000000000012e3      0x20a /usr/local/Cellar/pebble-toolchain/2.0/arm-cs-tools/bin/../lib/gcc/arm-none-eabi/4.7.2/thumb2/libgcc.a(_arm_addsubdf3.o)
 .debug_line    0x00000000000014ed      0x226 /usr/local/Cellar/pebble-toolchain/2.0/arm-cs-tools/bin/../lib/gcc/arm-none-eabi/4.7.2/thumb2/libgcc.a(_arm_muldivdf3.o)
 .debug_line    0x0000000000001713      0x10c /usr/local/Cellar/pebble-toolchain/2.0/arm-cs-tools/bin/../lib/gcc/arm-none-eabi/4.7.2/thumb2/libgcc.a(_arm_cmpdf2.o)
 .debug_line    0x000000000000181f       0x86 /usr/local/Cellar/pebble-toolchain/2.0/arm-cs-tools/bin/../lib/gcc/arm-none-eabi/4.7.2/thumb2/libgcc.a(_arm_fixdfsi.o)

.debug_str      0x0000000000000000     0x140d
 .debug_str     0x0000000000000000       0xc7 src/c/ftoa.c.29.o
                                        0x117 (size before relaxing)
 .debug_str     0x00000000000000c7      0x5e6 src/c/main.c.29.o
                                        0x7ad (size before relaxing)
 .debug_str     0x00000000000006ad       0xbb src/c/mini-printf.c.29.o
                                        0x19e (size before relaxing)
 .debug_str     0x0000000000000768       0x47 src/c/num_sets.c.29.o
                                        0x770 (size before relaxing)
 .debug_str     0x00000000000007af      0x5bb src/c/sets.c.29.o
                                        0xa5f (size before relaxing)
 .debug_str     0x0000000000000d6a      0x2bd src/c/timer.c.29.o
                                        0x8bd (size before relaxing)
 .debug_str     0x0000000000001027      0x164 aplite/appinfo.auto.c.29.o
                                        0x259 (size before relaxing)
 .debug_str     0x000000000000118b      0x11e aplite/src/resource_ids.auto.c.29.o
                                        0x1ed (size before relaxing)
 .debug_str     0x00000000000012a9      0x164 src/message_keys.auto.c.29.o
                                        0x233 (size before relaxing)

.debug_frame    0x0000000000000000      0x6a0
 .debug_frame   0x0000000000000000       0x34 src/c/ftoa.c.29.o
 .debug_frame   0x0000000000000034      0x160 src/c/main.c.29.o
 .debug_frame   0x0000000000000194       0xac src/c/mini-printf.c.29.o
 .debug_frame   0x0000000000000240      0x138 src/c/num_sets.c.29.o
 .debug_frame   0x0000000000000378      0x1b4 src/c/sets.c.29.o
 .debug_frame   0x000000000000052c      0x174 src/c/timer.c.29.o
